
> sistema-formacao@0.1.0 build
> next build

Γû▓ Next.js 16.1.6 (Turbopack)
- Environments: .env.local

  Creating an optimized production build ...
node.exe : 
At line:1 char:1
+ & "C:\Program Files\nodejs/node.exe" 
"C:\Users\KMS\AppData\Roaming\np ...
+ ~~~~~~~~~~~~~~~~~~~~~~~~~~~~~~~~~~~~~~~
~~~~~~~~~~~~~~~~~~~~~~~~~~~~~~
    + CategoryInfo          : NotSpecifi 
   ed: (:String) [], RemoteException
    + FullyQualifiedErrorId : NativeComm 
   andError
 
> Build error occurred
Error: Turbopack build failed with 1 
errors:
./app/certificates/validate/[id]
Invalid import
'client-only' cannot be imported from a 
Server Component module. It should only 
be used from a Client Component.
The error was caused by using 
'styled-jsx'. It only works in a Client 
Component but none of its parents are 
marked with "use client", so they're 
Server Components by default.



    at ignore-listed frames
